Vivado Simulator v2024.1
Copyright 1986-2022 Xilinx, Inc. All Rights Reserved.
Copyright 2022-2024 Advanced Micro Devices, Inc. All Rights Reserved.
Running: /home/pavan/somnath_working_dir/vivado_2024_1_petalinux/Vivado/2024.1/bin/unwrapped/lnx64.o/xelab --incr --debug typical --relax --mt 8 -L xil_defaultlib -L unisims_ver -L unimacro_ver -L secureip --snapshot neuron_tb_behav xil_defaultlib.neuron_tb xil_defaultlib.glbl -log elaborate.log 
Using 8 slave threads.
Starting static elaboration
Pass Through NonSizing Optimizer
Completed static elaboration
Starting simulation data flow analysis
Completed simulation data flow analysis
Time Resolution for simulation is 1ps
Compiling module xil_defaultlib.neuron
Compiling module xil_defaultlib.neuron_tb
WARNING: [XSIM 43-3373] "/home/pavan/somnath_working_dir/tinyml_fpga/tb/neuron_tb.v" Line 68. System function $fscanf is used as system task. This system function should have a LHS e.g. x=$fscanf().
WARNING: [XSIM 43-3373] "/home/pavan/somnath_working_dir/tinyml_fpga/tb/neuron_tb.v" Line 71. System function $fscanf is used as system task. This system function should have a LHS e.g. x=$fscanf().
WARNING: [XSIM 43-3373] "/home/pavan/somnath_working_dir/tinyml_fpga/tb/neuron_tb.v" Line 74. System function $fscanf is used as system task. This system function should have a LHS e.g. x=$fscanf().
WARNING: [XSIM 43-3373] "/home/pavan/somnath_working_dir/tinyml_fpga/tb/neuron_tb.v" Line 77. System function $fscanf is used as system task. This system function should have a LHS e.g. x=$fscanf().
WARNING: [XSIM 43-3373] "/home/pavan/somnath_working_dir/tinyml_fpga/tb/neuron_tb.v" Line 80. System function $fscanf is used as system task. This system function should have a LHS e.g. x=$fscanf().
Compiling module xil_defaultlib.glbl
Built simulation snapshot neuron_tb_behav
